Tokenized train {'n': 9157, 'mean_wordpieces': 833.7859560991591, 'truncated_n': 9152, 'truncated_fraction': 0.999453969640712, 'token_retained_fraction': 0.07435005051749985, 'by_class': {'business': {'n': 1134, 'truncated_n': 1134}, 'politics': {'n': 1146, 'truncated_n': 1146}, 'sports': {'n': 6877, 'truncated_n': 6872}}}
Tokenized valid {'n': 1145, 'mean_wordpieces': 824.95807860262, 'truncated_n': 1145, 'truncated_fraction': 1.0, 'token_retained_fraction': 0.07515533408075784, 'by_class': {'business': {'n': 141, 'truncated_n': 141}, 'politics': {'n': 144, 'truncated_n': 144}, 'sports': {'n': 860, 'truncated_n': 860}}}
Tokenized test {'n': 1145, 'mean_wordpieces': 826.8445414847162, 'truncated_n': 1145, 'truncated_fraction': 1.0, 'token_retained_fraction': 0.07498386563533484, 'by_class': {'business': {'n': 142, 'truncated_n': 142}, 'politics': {'n': 143, 'truncated_n': 143}, 'sports': {'n': 860, 'truncated_n': 860}}}
Some weights of BertForSequenceClassification were not initialized from the model checkpoint at /home/mcz/nlp_hw1_20260922_01a0c6a3/models/bert-base-uncased and are newly initialized: ['classifier.bias', 'classifier.weight']
You should probably TRAIN this model on a down-stream task to be able to use it for predictions and inference.
You're using a BertTokenizerFast tokenizer. Please note that with a fast tokenizer, using the `__call__` method is faster than using a method to encode the text followed by a call to the `pad` method to get a padded encoding.
epoch 1/3 batch 100/573 loss=0.9767 elapsed=9s
epoch 1/3 batch 200/573 loss=0.6269 elapsed=15s
epoch 1/3 batch 300/573 loss=0.4533 elapsed=21s
epoch 1/3 batch 400/573 loss=0.3641 elapsed=27s
epoch 1/3 batch 500/573 loss=0.3088 elapsed=33s
VALIDATION {'epoch': 1, 'train_loss': 0.27851497412315357, 'validation_loss': 0.07885439010768087, 'accuracy': 0.9737991266375546, 'macro_f1': 0.9375546635799843, 'seconds': 38.24511741288006}
epoch 2/3 batch 100/573 loss=0.0507 elapsed=6s
epoch 2/3 batch 200/573 loss=0.0451 elapsed=12s
epoch 2/3 batch 300/573 loss=0.0506 elapsed=18s
epoch 2/3 batch 400/573 loss=0.0489 elapsed=24s
epoch 2/3 batch 500/573 loss=0.0492 elapsed=30s
VALIDATION {'epoch': 2, 'train_loss': 0.047529874416077096, 'validation_loss': 0.06323083935927713, 'accuracy': 0.9764192139737992, 'macro_f1': 0.9437662694100771, 'seconds': 35.56974112987518}
epoch 3/3 batch 100/573 loss=0.0179 elapsed=6s
epoch 3/3 batch 200/573 loss=0.0212 elapsed=12s
epoch 3/3 batch 300/573 loss=0.0187 elapsed=18s
epoch 3/3 batch 400/573 loss=0.0165 elapsed=24s
epoch 3/3 batch 500/573 loss=0.0185 elapsed=31s
VALIDATION {'epoch': 3, 'train_loss': 0.018332180503532157, 'validation_loss': 0.07066302070562935, 'accuracy': 0.9790393013100437, 'macro_f1': 0.9499078373857269, 'seconds': 36.06715723313391}
T3 COMPLETE 0.97117903930131 0.9394984910622473 epoch 3
